Hello Tiny ML 2026 - pytorch framework, version: 1.0
RunLogger - logging run to: experiments/runs/20260610_122238_abl-recipe-only-s1
DatamoduleTinyMl load cache with id: [cache0] and filter: [Train] ...
DatamoduleTinyMl load cache with id: [cache0] and filter: [Validation] ...
DatamoduleTinyMl load cache with id: [cache0] and filter: [Validation] ...

--
DatamoduleTinyMl info: 
label dict:  {'Background': 0, 'Common Chaffinch': 1, 'Common Chiffchaff': 2, 'Eurasian Blackbird': 3, 'Eurasian Blackcap': 4, 'Eurasian Blue Tit': 5, 'Great Spotted Woodpecker': 6, 'Great Tit': 7, 'Mallard': 8, 'Song Thrush': 9, 'Tawny Owl': 10}
feature size at load:  (1, 40, 133)
--

----------------------------------------------------------------
        Layer (type)               Output Shape         Param #
================================================================
            Conv2d-1          [-1, 32, 38, 131]             320
              ReLU-2          [-1, 32, 38, 131]               0
         MaxPool2d-3           [-1, 32, 19, 65]               0
            Conv2d-4           [-1, 64, 17, 63]          18,496
              ReLU-5           [-1, 64, 17, 63]               0
         MaxPool2d-6            [-1, 64, 4, 15]               0
            Conv2d-7           [-1, 128, 2, 13]          73,856
              ReLU-8           [-1, 128, 2, 13]               0
 AdaptiveAvgPool2d-9            [-1, 128, 1, 1]               0
          Flatten-10                  [-1, 128]               0
          Dropout-11                  [-1, 128]               0
           Linear-12                   [-1, 32]           4,128
             ReLU-13                   [-1, 32]               0
           Linear-14                   [-1, 11]             363
================================================================
Total params: 97,163
Trainable params: 97,163
Non-trainable params: 0
----------------------------------------------------------------
Input size (MB): 0.02
Forward/backward pass size (MB): 3.86
Params size (MB): 0.37
Estimated Total Size (MB): 4.25
----------------------------------------------------------------

Train model on device: cuda:0 | epochs: 120 | mixup(alpha=0.2, p=0.5) | scheduler: cosine | distill: off | best on: val_auc

Epoch 001 - lr: 2.00e-04, train loss: 2.3982, val: [loss: 2.3987, acc: 0.0929, auc: 0.6707]
Epoch 002 - lr: 4.00e-04, train loss: 2.3580, val: [loss: 2.2995, acc: 0.1876, auc: 0.6806]
Epoch 003 - lr: 6.00e-04, train loss: 2.2699, val: [loss: 2.2079, acc: 0.2623, auc: 0.7112]
Epoch 004 - lr: 8.00e-04, train loss: 2.2098, val: [loss: 2.1791, acc: 0.2896, auc: 0.7291]
Epoch 005 - lr: 1.00e-03, train loss: 2.1791, val: [loss: 2.0951, acc: 0.3242, auc: 0.7468]
Epoch 006 - lr: 1.00e-03, train loss: 2.1168, val: [loss: 2.0538, acc: 0.3279, auc: 0.7606]
Epoch 007 - lr: 1.00e-03, train loss: 2.1192, val: [loss: 2.0812, acc: 0.3352, auc: 0.7626]
Epoch 008 - lr: 9.99e-04, train loss: 2.0820, val: [loss: 2.0178, acc: 0.3315, auc: 0.7691]
Epoch 009 - lr: 9.98e-04, train loss: 2.0695, val: [loss: 1.9791, acc: 0.3643, auc: 0.7816]
Epoch 010 - lr: 9.97e-04, train loss: 2.0274, val: [loss: 2.0193, acc: 0.3515, auc: 0.7820]
Epoch 011 - lr: 9.96e-04, train loss: 2.0271, val: [loss: 1.9681, acc: 0.3552, auc: 0.7895]
Epoch 012 - lr: 9.94e-04, train loss: 2.0221, val: [loss: 1.9620, acc: 0.3570, auc: 0.7920]
Epoch 013 - lr: 9.91e-04, train loss: 2.0037, val: [loss: 1.9500, acc: 0.3552, auc: 0.8002]
Epoch 014 - lr: 9.89e-04, train loss: 2.0059, val: [loss: 1.9387, acc: 0.3588, auc: 0.8027]
Epoch 015 - lr: 9.86e-04, train loss: 1.9570, val: [loss: 1.8704, acc: 0.4098, auc: 0.8136]
Epoch 016 - lr: 9.82e-04, train loss: 1.9724, val: [loss: 1.9167, acc: 0.3934, auc: 0.8112]
Epoch 017 - lr: 9.79e-04, train loss: 1.9531, val: [loss: 1.8463, acc: 0.4080, auc: 0.8228]
Epoch 018 - lr: 9.75e-04, train loss: 1.9422, val: [loss: 1.8290, acc: 0.4317, auc: 0.8264]
Epoch 019 - lr: 9.70e-04, train loss: 1.9236, val: [loss: 1.8859, acc: 0.4026, auc: 0.8205]
Epoch 020 - lr: 9.66e-04, train loss: 1.9155, val: [loss: 1.8336, acc: 0.4153, auc: 0.8282]
Epoch 021 - lr: 9.61e-04, train loss: 1.9038, val: [loss: 1.8757, acc: 0.4153, auc: 0.8237]
Epoch 022 - lr: 9.55e-04, train loss: 1.8879, val: [loss: 1.8052, acc: 0.4262, auc: 0.8327]
Epoch 023 - lr: 9.50e-04, train loss: 1.8771, val: [loss: 1.7587, acc: 0.4536, auc: 0.8400]
Epoch 024 - lr: 9.44e-04, train loss: 1.8782, val: [loss: 1.7643, acc: 0.4335, auc: 0.8424]
Epoch 025 - lr: 9.37e-04, train loss: 1.8876, val: [loss: 1.7774, acc: 0.4408, auc: 0.8411]
Epoch 026 - lr: 9.31e-04, train loss: 1.8728, val: [loss: 1.7593, acc: 0.4499, auc: 0.8452]
Epoch 027 - lr: 9.24e-04, train loss: 1.8588, val: [loss: 1.7575, acc: 0.4572, auc: 0.8469]
Epoch 028 - lr: 9.17e-04, train loss: 1.8571, val: [loss: 1.7809, acc: 0.4590, auc: 0.8436]
Epoch 029 - lr: 9.09e-04, train loss: 1.8512, val: [loss: 1.7481, acc: 0.4463, auc: 0.8483]
Epoch 030 - lr: 9.02e-04, train loss: 1.8119, val: [loss: 1.7349, acc: 0.4900, auc: 0.8481]
Epoch 031 - lr: 8.93e-04, train loss: 1.8266, val: [loss: 1.7344, acc: 0.4791, auc: 0.8499]
Epoch 032 - lr: 8.85e-04, train loss: 1.8527, val: [loss: 1.7418, acc: 0.4718, auc: 0.8506]
Epoch 033 - lr: 8.77e-04, train loss: 1.7938, val: [loss: 1.7274, acc: 0.4772, auc: 0.8515]
Epoch 034 - lr: 8.68e-04, train loss: 1.8017, val: [loss: 1.7161, acc: 0.4827, auc: 0.8561]
Epoch 035 - lr: 8.59e-04, train loss: 1.8072, val: [loss: 1.7144, acc: 0.4736, auc: 0.8550]
Epoch 036 - lr: 8.49e-04, train loss: 1.7770, val: [loss: 1.7089, acc: 0.4918, auc: 0.8536]
Epoch 037 - lr: 8.40e-04, train loss: 1.7631, val: [loss: 1.7159, acc: 0.4863, auc: 0.8560]
Epoch 038 - lr: 8.30e-04, train loss: 1.8133, val: [loss: 1.7093, acc: 0.4809, auc: 0.8542]
Epoch 039 - lr: 8.20e-04, train loss: 1.7938, val: [loss: 1.6838, acc: 0.4754, auc: 0.8614]
Epoch 040 - lr: 8.09e-04, train loss: 1.8081, val: [loss: 1.6858, acc: 0.4736, auc: 0.8624]
Epoch 041 - lr: 7.99e-04, train loss: 1.7650, val: [loss: 1.7190, acc: 0.4608, auc: 0.8599]
Epoch 042 - lr: 7.88e-04, train loss: 1.7348, val: [loss: 1.6742, acc: 0.5082, auc: 0.8620]
Epoch 043 - lr: 7.77e-04, train loss: 1.7374, val: [loss: 1.6763, acc: 0.4918, auc: 0.8626]
Epoch 044 - lr: 7.66e-04, train loss: 1.7487, val: [loss: 1.6688, acc: 0.4918, auc: 0.8657]
Epoch 045 - lr: 7.55e-04, train loss: 1.7952, val: [loss: 1.6854, acc: 0.4827, auc: 0.8653]
Epoch 046 - lr: 7.44e-04, train loss: 1.7619, val: [loss: 1.6872, acc: 0.4736, auc: 0.8636]
Epoch 047 - lr: 7.32e-04, train loss: 1.7567, val: [loss: 1.6559, acc: 0.5173, auc: 0.8673]
Epoch 048 - lr: 7.20e-04, train loss: 1.7152, val: [loss: 1.6574, acc: 0.4918, auc: 0.8678]
Epoch 049 - lr: 7.08e-04, train loss: 1.7152, val: [loss: 1.6692, acc: 0.5009, auc: 0.8678]
Epoch 050 - lr: 6.96e-04, train loss: 1.7503, val: [loss: 1.6554, acc: 0.5100, auc: 0.8668]
Epoch 051 - lr: 6.84e-04, train loss: 1.6941, val: [loss: 1.6466, acc: 0.5082, auc: 0.8707]
Epoch 052 - lr: 6.72e-04, train loss: 1.7411, val: [loss: 1.6639, acc: 0.5191, auc: 0.8661]
Epoch 053 - lr: 6.59e-04, train loss: 1.7441, val: [loss: 1.6512, acc: 0.5173, auc: 0.8703]
Epoch 054 - lr: 6.47e-04, train loss: 1.7362, val: [loss: 1.6857, acc: 0.4918, auc: 0.8644]
Epoch 055 - lr: 6.34e-04, train loss: 1.7206, val: [loss: 1.6496, acc: 0.5155, auc: 0.8705]
Epoch 056 - lr: 6.22e-04, train loss: 1.7148, val: [loss: 1.6607, acc: 0.5118, auc: 0.8717]
Epoch 057 - lr: 6.09e-04, train loss: 1.7141, val: [loss: 1.6296, acc: 0.5155, auc: 0.8739]
Epoch 058 - lr: 5.96e-04, train loss: 1.6919, val: [loss: 1.6201, acc: 0.5191, auc: 0.8757]
Epoch 059 - lr: 5.83e-04, train loss: 1.6942, val: [loss: 1.6382, acc: 0.5118, auc: 0.8726]
Epoch 060 - lr: 5.70e-04, train loss: 1.6922, val: [loss: 1.6145, acc: 0.5209, auc: 0.8758]
Epoch 061 - lr: 5.57e-04, train loss: 1.6707, val: [loss: 1.6267, acc: 0.5137, auc: 0.8749]
Epoch 062 - lr: 5.44e-04, train loss: 1.7000, val: [loss: 1.6252, acc: 0.5264, auc: 0.8717]
Epoch 063 - lr: 5.31e-04, train loss: 1.6697, val: [loss: 1.6272, acc: 0.5301, auc: 0.8759]
Epoch 064 - lr: 5.19e-04, train loss: 1.6983, val: [loss: 1.6380, acc: 0.5337, auc: 0.8728]
Epoch 065 - lr: 5.06e-04, train loss: 1.6849, val: [loss: 1.6157, acc: 0.5209, auc: 0.8765]
Epoch 066 - lr: 4.93e-04, train loss: 1.6369, val: [loss: 1.6196, acc: 0.5301, auc: 0.8766]
Epoch 067 - lr: 4.80e-04, train loss: 1.6563, val: [loss: 1.6349, acc: 0.5155, auc: 0.8787]
Epoch 068 - lr: 4.67e-04, train loss: 1.7116, val: [loss: 1.5917, acc: 0.5301, auc: 0.8800]
Epoch 069 - lr: 4.54e-04, train loss: 1.6397, val: [loss: 1.6015, acc: 0.5410, auc: 0.8802]
Epoch 070 - lr: 4.41e-04, train loss: 1.6583, val: [loss: 1.6006, acc: 0.5373, auc: 0.8805]
Epoch 071 - lr: 4.28e-04, train loss: 1.6259, val: [loss: 1.6387, acc: 0.5082, auc: 0.8758]
Epoch 072 - lr: 4.16e-04, train loss: 1.6807, val: [loss: 1.6160, acc: 0.5228, auc: 0.8775]
Epoch 073 - lr: 4.03e-04, train loss: 1.6611, val: [loss: 1.5990, acc: 0.5446, auc: 0.8803]
Epoch 074 - lr: 3.91e-04, train loss: 1.6550, val: [loss: 1.5961, acc: 0.5355, auc: 0.8813]
Epoch 075 - lr: 3.78e-04, train loss: 1.6980, val: [loss: 1.5939, acc: 0.5355, auc: 0.8809]
Epoch 076 - lr: 3.66e-04, train loss: 1.6453, val: [loss: 1.5939, acc: 0.5483, auc: 0.8828]
Epoch 077 - lr: 3.54e-04, train loss: 1.6708, val: [loss: 1.5922, acc: 0.5337, auc: 0.8812]
Epoch 078 - lr: 3.42e-04, train loss: 1.6366, val: [loss: 1.6000, acc: 0.5392, auc: 0.8802]
Epoch 079 - lr: 3.30e-04, train loss: 1.6582, val: [loss: 1.6044, acc: 0.5464, auc: 0.8804]
Epoch 080 - lr: 3.18e-04, train loss: 1.6271, val: [loss: 1.5880, acc: 0.5355, auc: 0.8825]
Epoch 081 - lr: 3.06e-04, train loss: 1.6199, val: [loss: 1.5944, acc: 0.5537, auc: 0.8815]
Epoch 082 - lr: 2.95e-04, train loss: 1.6370, val: [loss: 1.5862, acc: 0.5355, auc: 0.8816]
Epoch 083 - lr: 2.84e-04, train loss: 1.6205, val: [loss: 1.5849, acc: 0.5501, auc: 0.8833]
Epoch 084 - lr: 2.73e-04, train loss: 1.6319, val: [loss: 1.5891, acc: 0.5519, auc: 0.8822]
Epoch 085 - lr: 2.62e-04, train loss: 1.6156, val: [loss: 1.5915, acc: 0.5428, auc: 0.8807]
Epoch 086 - lr: 2.51e-04, train loss: 1.6637, val: [loss: 1.5819, acc: 0.5537, auc: 0.8818]
Epoch 087 - lr: 2.41e-04, train loss: 1.6274, val: [loss: 1.5874, acc: 0.5337, auc: 0.8824]
Epoch 088 - lr: 2.30e-04, train loss: 1.6003, val: [loss: 1.5812, acc: 0.5446, auc: 0.8837]
Epoch 089 - lr: 2.20e-04, train loss: 1.6171, val: [loss: 1.5778, acc: 0.5464, auc: 0.8832]
Epoch 090 - lr: 2.10e-04, train loss: 1.6233, val: [loss: 1.5921, acc: 0.5410, auc: 0.8833]
Epoch 091 - lr: 2.01e-04, train loss: 1.6270, val: [loss: 1.5872, acc: 0.5355, auc: 0.8828]
Epoch 092 - lr: 1.91e-04, train loss: 1.5889, val: [loss: 1.5848, acc: 0.5556, auc: 0.8823]
Epoch 093 - lr: 1.82e-04, train loss: 1.5838, val: [loss: 1.5755, acc: 0.5483, auc: 0.8844]
Epoch 094 - lr: 1.73e-04, train loss: 1.6034, val: [loss: 1.5769, acc: 0.5446, auc: 0.8833]
Epoch 095 - lr: 1.65e-04, train loss: 1.6087, val: [loss: 1.5760, acc: 0.5519, auc: 0.8846]
Epoch 096 - lr: 1.57e-04, train loss: 1.6050, val: [loss: 1.5786, acc: 0.5483, auc: 0.8838]
Epoch 097 - lr: 1.48e-04, train loss: 1.6006, val: [loss: 1.5788, acc: 0.5537, auc: 0.8827]
Epoch 098 - lr: 1.41e-04, train loss: 1.5792, val: [loss: 1.5726, acc: 0.5519, auc: 0.8850]
Epoch 099 - lr: 1.33e-04, train loss: 1.5879, val: [loss: 1.5777, acc: 0.5501, auc: 0.8838]
Epoch 100 - lr: 1.26e-04, train loss: 1.6008, val: [loss: 1.5756, acc: 0.5537, auc: 0.8838]
Epoch 101 - lr: 1.19e-04, train loss: 1.6052, val: [loss: 1.5777, acc: 0.5483, auc: 0.8838]
Epoch 102 - lr: 1.13e-04, train loss: 1.6095, val: [loss: 1.5739, acc: 0.5464, auc: 0.8841]
Epoch 103 - lr: 1.06e-04, train loss: 1.5956, val: [loss: 1.5706, acc: 0.5519, auc: 0.8844]
Epoch 104 - lr: 1.00e-04, train loss: 1.5997, val: [loss: 1.5676, acc: 0.5446, auc: 0.8854]
Epoch 105 - lr: 9.47e-05, train loss: 1.5937, val: [loss: 1.5672, acc: 0.5464, auc: 0.8853]
Epoch 106 - lr: 8.93e-05, train loss: 1.5831, val: [loss: 1.5712, acc: 0.5556, auc: 0.8851]
Epoch 107 - lr: 8.43e-05, train loss: 1.5982, val: [loss: 1.5728, acc: 0.5574, auc: 0.8848]
Epoch 108 - lr: 7.96e-05, train loss: 1.5983, val: [loss: 1.5696, acc: 0.5519, auc: 0.8853]
Epoch 109 - lr: 7.53e-05, train loss: 1.5717, val: [loss: 1.5692, acc: 0.5519, auc: 0.8857]
Epoch 110 - lr: 7.13e-05, train loss: 1.6187, val: [loss: 1.5677, acc: 0.5501, auc: 0.8854]
Epoch 111 - lr: 6.76e-05, train loss: 1.5883, val: [loss: 1.5697, acc: 0.5556, auc: 0.8853]
Epoch 112 - lr: 6.43e-05, train loss: 1.5795, val: [loss: 1.5728, acc: 0.5464, auc: 0.8839]
Epoch 113 - lr: 6.13e-05, train loss: 1.6250, val: [loss: 1.5712, acc: 0.5610, auc: 0.8846]
Epoch 114 - lr: 5.87e-05, train loss: 1.5640, val: [loss: 1.5725, acc: 0.5556, auc: 0.8844]
Epoch 115 - lr: 5.64e-05, train loss: 1.5712, val: [loss: 1.5679, acc: 0.5519, auc: 0.8855]
Epoch 116 - lr: 5.44e-05, train loss: 1.5640, val: [loss: 1.5682, acc: 0.5574, auc: 0.8854]
Epoch 117 - lr: 5.28e-05, train loss: 1.5553, val: [loss: 1.5672, acc: 0.5574, auc: 0.8852]
Epoch 118 - lr: 5.16e-05, train loss: 1.5728, val: [loss: 1.5684, acc: 0.5574, auc: 0.8856]
Epoch 119 - lr: 5.07e-05, train loss: 1.5896, val: [loss: 1.5676, acc: 0.5556, auc: 0.8857]
Epoch 120 - lr: 5.02e-05, train loss: 1.6068, val: [loss: 1.5666, acc: 0.5501, auc: 0.8852]
Training finished - restored best checkpoint from epoch 119 (val_auc: 0.8857)

***@model_base.save_model_to_tflite: litert_torch is not installed, therefore, model could not be saved in .tflite format!

Test model on device: cuda:0...

Test accuracy: 0.5556, macro auc: 0.8857
Confusion matrix is saved in [/home/heitor/research/BioDCASE-Tiny-2026/output/04_reports/pytorch/cm_Baseline.png]
Testing of model finished!


No .tflite exported (litert-torch unavailable on this node).
Training + .pth eval complete; run tflite export/quantization locally.
RunLogger - run [20260610_122238_abl-recipe-only-s1] finalized with status: completed
