Hello Tiny ML 2026 - pytorch framework, version: 1.0
RunLogger - logging run to: experiments/runs/20260610_122039_abl-distill-no-aug-s1
DatamoduleTinyMl load cache with id: [cache0] and filter: [Train] ...
DatamoduleTinyMl load cache with id: [cache0] and filter: [Validation] ...
DatamoduleTinyMl load cache with id: [cache0] and filter: [Validation] ...

--
DatamoduleTinyMl info: 
label dict:  {'Background': 0, 'Common Chaffinch': 1, 'Common Chiffchaff': 2, 'Eurasian Blackbird': 3, 'Eurasian Blackcap': 4, 'Eurasian Blue Tit': 5, 'Great Spotted Woodpecker': 6, 'Great Tit': 7, 'Mallard': 8, 'Song Thrush': 9, 'Tawny Owl': 10}
feature size at load:  (1, 40, 133)
--

Distillation enabled - teacher logits from: ./experiments/perch/embeddings/perch_v2_cpu/teacher_mlp (2200 train samples aligned)
----------------------------------------------------------------
        Layer (type)               Output Shape         Param #
================================================================
            Conv2d-1          [-1, 32, 38, 131]             320
              ReLU-2          [-1, 32, 38, 131]               0
         MaxPool2d-3           [-1, 32, 19, 65]               0
            Conv2d-4           [-1, 64, 17, 63]          18,496
              ReLU-5           [-1, 64, 17, 63]               0
         MaxPool2d-6            [-1, 64, 4, 15]               0
            Conv2d-7           [-1, 128, 2, 13]          73,856
              ReLU-8           [-1, 128, 2, 13]               0
 AdaptiveAvgPool2d-9            [-1, 128, 1, 1]               0
          Flatten-10                  [-1, 128]               0
          Dropout-11                  [-1, 128]               0
           Linear-12                   [-1, 32]           4,128
             ReLU-13                   [-1, 32]               0
           Linear-14                   [-1, 11]             363
================================================================
Total params: 97,163
Trainable params: 97,163
Non-trainable params: 0
----------------------------------------------------------------
Input size (MB): 0.02
Forward/backward pass size (MB): 3.86
Params size (MB): 0.37
Estimated Total Size (MB): 4.25
----------------------------------------------------------------

Train model on device: cuda:0 | epochs: 120 | mixup(alpha=0.0, p=0.0) | scheduler: cosine | distill: alpha=0.5 T=3.0 | best on: val_auc

Epoch 001 - lr: 2.00e-04, train loss: 4.2811, val: [loss: 2.3938, acc: 0.0947, auc: 0.6640]
Epoch 002 - lr: 4.00e-04, train loss: 4.1547, val: [loss: 2.2463, acc: 0.1840, auc: 0.6757]
Epoch 003 - lr: 6.00e-04, train loss: 3.9089, val: [loss: 2.1577, acc: 0.2587, auc: 0.7178]
Epoch 004 - lr: 8.00e-04, train loss: 3.7270, val: [loss: 2.0392, acc: 0.2933, auc: 0.7474]
Epoch 005 - lr: 1.00e-03, train loss: 3.5318, val: [loss: 1.9385, acc: 0.3078, auc: 0.7710]
Epoch 006 - lr: 1.00e-03, train loss: 3.3903, val: [loss: 1.8446, acc: 0.3333, auc: 0.7908]
Epoch 007 - lr: 1.00e-03, train loss: 3.3139, val: [loss: 1.8211, acc: 0.3333, auc: 0.8006]
Epoch 008 - lr: 9.99e-04, train loss: 3.2071, val: [loss: 1.7413, acc: 0.4062, auc: 0.8131]
Epoch 009 - lr: 9.98e-04, train loss: 3.1250, val: [loss: 1.7201, acc: 0.4007, auc: 0.8206]
Epoch 010 - lr: 9.97e-04, train loss: 3.0458, val: [loss: 1.7080, acc: 0.3989, auc: 0.8261]
Epoch 011 - lr: 9.96e-04, train loss: 2.9907, val: [loss: 1.6337, acc: 0.4317, auc: 0.8323]
Epoch 012 - lr: 9.94e-04, train loss: 2.9229, val: [loss: 1.6474, acc: 0.4408, auc: 0.8360]
Epoch 013 - lr: 9.91e-04, train loss: 2.8883, val: [loss: 1.6494, acc: 0.4499, auc: 0.8370]
Epoch 014 - lr: 9.89e-04, train loss: 2.8257, val: [loss: 1.5773, acc: 0.4554, auc: 0.8466]
Epoch 015 - lr: 9.86e-04, train loss: 2.7694, val: [loss: 1.5905, acc: 0.4791, auc: 0.8505]
Epoch 016 - lr: 9.82e-04, train loss: 2.7440, val: [loss: 1.6828, acc: 0.4536, auc: 0.8488]
Epoch 017 - lr: 9.79e-04, train loss: 2.7492, val: [loss: 1.5572, acc: 0.4736, auc: 0.8538]
Epoch 018 - lr: 9.75e-04, train loss: 2.6765, val: [loss: 1.6092, acc: 0.4554, auc: 0.8544]
Epoch 019 - lr: 9.70e-04, train loss: 2.6402, val: [loss: 1.5694, acc: 0.4954, auc: 0.8573]
Epoch 020 - lr: 9.66e-04, train loss: 2.6096, val: [loss: 1.5171, acc: 0.4845, auc: 0.8596]
Epoch 021 - lr: 9.61e-04, train loss: 2.5991, val: [loss: 1.5285, acc: 0.4882, auc: 0.8608]
Epoch 022 - lr: 9.55e-04, train loss: 2.5742, val: [loss: 1.4700, acc: 0.4991, auc: 0.8671]
Epoch 023 - lr: 9.50e-04, train loss: 2.5615, val: [loss: 1.4697, acc: 0.4863, auc: 0.8671]
Epoch 024 - lr: 9.44e-04, train loss: 2.5391, val: [loss: 1.5118, acc: 0.5009, auc: 0.8663]
Epoch 025 - lr: 9.37e-04, train loss: 2.5046, val: [loss: 1.5096, acc: 0.5082, auc: 0.8676]
Epoch 026 - lr: 9.31e-04, train loss: 2.5052, val: [loss: 1.4948, acc: 0.5027, auc: 0.8697]
Epoch 027 - lr: 9.24e-04, train loss: 2.4548, val: [loss: 1.4543, acc: 0.5118, auc: 0.8752]
Epoch 028 - lr: 9.17e-04, train loss: 2.4468, val: [loss: 1.4657, acc: 0.5046, auc: 0.8723]
Epoch 029 - lr: 9.09e-04, train loss: 2.4081, val: [loss: 1.4279, acc: 0.5337, auc: 0.8783]
Epoch 030 - lr: 9.02e-04, train loss: 2.4088, val: [loss: 1.4401, acc: 0.5173, auc: 0.8775]
Epoch 031 - lr: 8.93e-04, train loss: 2.3998, val: [loss: 1.4517, acc: 0.5209, auc: 0.8782]
Epoch 032 - lr: 8.85e-04, train loss: 2.3657, val: [loss: 1.4416, acc: 0.5228, auc: 0.8826]
Epoch 033 - lr: 8.77e-04, train loss: 2.3519, val: [loss: 1.4011, acc: 0.5282, auc: 0.8820]
Epoch 034 - lr: 8.68e-04, train loss: 2.3627, val: [loss: 1.4203, acc: 0.5228, auc: 0.8793]
Epoch 035 - lr: 8.59e-04, train loss: 2.3273, val: [loss: 1.4884, acc: 0.5027, auc: 0.8809]
Epoch 036 - lr: 8.49e-04, train loss: 2.3011, val: [loss: 1.4156, acc: 0.5392, auc: 0.8854]
Epoch 037 - lr: 8.40e-04, train loss: 2.2775, val: [loss: 1.4271, acc: 0.5264, auc: 0.8838]
Epoch 038 - lr: 8.30e-04, train loss: 2.2567, val: [loss: 1.3651, acc: 0.5483, auc: 0.8861]
Epoch 039 - lr: 8.20e-04, train loss: 2.2447, val: [loss: 1.3829, acc: 0.5373, auc: 0.8870]
Epoch 040 - lr: 8.09e-04, train loss: 2.2324, val: [loss: 1.3747, acc: 0.5537, auc: 0.8925]
Epoch 041 - lr: 7.99e-04, train loss: 2.2161, val: [loss: 1.3772, acc: 0.5410, auc: 0.8893]
Epoch 042 - lr: 7.88e-04, train loss: 2.2061, val: [loss: 1.3728, acc: 0.5483, auc: 0.8920]
Epoch 043 - lr: 7.77e-04, train loss: 2.1928, val: [loss: 1.3196, acc: 0.5811, auc: 0.8954]
Epoch 044 - lr: 7.66e-04, train loss: 2.1796, val: [loss: 1.3444, acc: 0.5446, auc: 0.8949]
Epoch 045 - lr: 7.55e-04, train loss: 2.1472, val: [loss: 1.3616, acc: 0.5373, auc: 0.8964]
Epoch 046 - lr: 7.44e-04, train loss: 2.1332, val: [loss: 1.3458, acc: 0.5756, auc: 0.8924]
Epoch 047 - lr: 7.32e-04, train loss: 2.1351, val: [loss: 1.3605, acc: 0.5464, auc: 0.8917]
Epoch 048 - lr: 7.20e-04, train loss: 2.1250, val: [loss: 1.3110, acc: 0.5774, auc: 0.8957]
Epoch 049 - lr: 7.08e-04, train loss: 2.1009, val: [loss: 1.3644, acc: 0.5592, auc: 0.8974]
Epoch 050 - lr: 6.96e-04, train loss: 2.1098, val: [loss: 1.3009, acc: 0.5701, auc: 0.8965]
Epoch 051 - lr: 6.84e-04, train loss: 2.0696, val: [loss: 1.3135, acc: 0.5556, auc: 0.8995]
Epoch 052 - lr: 6.72e-04, train loss: 2.0363, val: [loss: 1.2936, acc: 0.5883, auc: 0.8992]
Epoch 053 - lr: 6.59e-04, train loss: 2.0401, val: [loss: 1.3350, acc: 0.5774, auc: 0.8987]
Epoch 054 - lr: 6.47e-04, train loss: 2.0331, val: [loss: 1.3074, acc: 0.5920, auc: 0.8998]
Epoch 055 - lr: 6.34e-04, train loss: 2.0199, val: [loss: 1.3026, acc: 0.5756, auc: 0.8984]
Epoch 056 - lr: 6.22e-04, train loss: 2.0143, val: [loss: 1.3036, acc: 0.5719, auc: 0.9001]
Epoch 057 - lr: 6.09e-04, train loss: 1.9972, val: [loss: 1.3153, acc: 0.5738, auc: 0.8996]
Epoch 058 - lr: 5.96e-04, train loss: 1.9789, val: [loss: 1.3522, acc: 0.5829, auc: 0.8979]
Epoch 059 - lr: 5.83e-04, train loss: 1.9758, val: [loss: 1.3287, acc: 0.5719, auc: 0.8997]
Epoch 060 - lr: 5.70e-04, train loss: 1.9632, val: [loss: 1.2874, acc: 0.5883, auc: 0.9013]
Epoch 061 - lr: 5.57e-04, train loss: 1.9638, val: [loss: 1.2929, acc: 0.5701, auc: 0.9023]
Epoch 062 - lr: 5.44e-04, train loss: 1.9213, val: [loss: 1.3110, acc: 0.5719, auc: 0.9029]
Epoch 063 - lr: 5.31e-04, train loss: 1.9238, val: [loss: 1.2907, acc: 0.5883, auc: 0.9014]
Epoch 064 - lr: 5.19e-04, train loss: 1.9015, val: [loss: 1.2783, acc: 0.5883, auc: 0.9029]
Epoch 065 - lr: 5.06e-04, train loss: 1.9135, val: [loss: 1.2986, acc: 0.5774, auc: 0.9014]
Epoch 066 - lr: 4.93e-04, train loss: 1.8925, val: [loss: 1.2807, acc: 0.5865, auc: 0.9022]
Epoch 067 - lr: 4.80e-04, train loss: 1.8738, val: [loss: 1.2753, acc: 0.5974, auc: 0.9047]
Epoch 068 - lr: 4.67e-04, train loss: 1.8686, val: [loss: 1.2618, acc: 0.5938, auc: 0.9040]
Epoch 069 - lr: 4.54e-04, train loss: 1.8492, val: [loss: 1.2589, acc: 0.5920, auc: 0.9050]
Epoch 070 - lr: 4.41e-04, train loss: 1.8478, val: [loss: 1.2531, acc: 0.5847, auc: 0.9038]
Epoch 071 - lr: 4.28e-04, train loss: 1.8460, val: [loss: 1.2732, acc: 0.5883, auc: 0.9025]
Epoch 072 - lr: 4.16e-04, train loss: 1.8134, val: [loss: 1.2404, acc: 0.6084, auc: 0.9061]
Epoch 073 - lr: 4.03e-04, train loss: 1.8174, val: [loss: 1.2560, acc: 0.6193, auc: 0.9048]
Epoch 074 - lr: 3.91e-04, train loss: 1.8252, val: [loss: 1.2746, acc: 0.5920, auc: 0.9051]
Epoch 075 - lr: 3.78e-04, train loss: 1.7985, val: [loss: 1.2613, acc: 0.5974, auc: 0.9055]
Epoch 076 - lr: 3.66e-04, train loss: 1.7820, val: [loss: 1.2425, acc: 0.6066, auc: 0.9067]
Epoch 077 - lr: 3.54e-04, train loss: 1.7957, val: [loss: 1.2558, acc: 0.5920, auc: 0.9073]
Epoch 078 - lr: 3.42e-04, train loss: 1.7752, val: [loss: 1.2512, acc: 0.6120, auc: 0.9059]
Epoch 079 - lr: 3.30e-04, train loss: 1.7721, val: [loss: 1.2369, acc: 0.6084, auc: 0.9082]
Epoch 080 - lr: 3.18e-04, train loss: 1.7870, val: [loss: 1.2385, acc: 0.5956, auc: 0.9068]
Epoch 081 - lr: 3.06e-04, train loss: 1.7591, val: [loss: 1.2736, acc: 0.5938, auc: 0.9046]
Epoch 082 - lr: 2.95e-04, train loss: 1.7487, val: [loss: 1.2379, acc: 0.6029, auc: 0.9073]
Epoch 083 - lr: 2.84e-04, train loss: 1.7515, val: [loss: 1.2419, acc: 0.6120, auc: 0.9083]
Epoch 084 - lr: 2.73e-04, train loss: 1.7470, val: [loss: 1.2417, acc: 0.5993, auc: 0.9076]
Epoch 085 - lr: 2.62e-04, train loss: 1.7463, val: [loss: 1.2362, acc: 0.5956, auc: 0.9077]
Epoch 086 - lr: 2.51e-04, train loss: 1.7258, val: [loss: 1.2318, acc: 0.6084, auc: 0.9083]
Epoch 087 - lr: 2.41e-04, train loss: 1.7389, val: [loss: 1.2311, acc: 0.6047, auc: 0.9090]
Epoch 088 - lr: 2.30e-04, train loss: 1.7225, val: [loss: 1.2298, acc: 0.6047, auc: 0.9088]
Epoch 089 - lr: 2.20e-04, train loss: 1.7186, val: [loss: 1.2443, acc: 0.6175, auc: 0.9082]
Epoch 090 - lr: 2.10e-04, train loss: 1.6980, val: [loss: 1.2330, acc: 0.6047, auc: 0.9091]
Epoch 091 - lr: 2.01e-04, train loss: 1.7033, val: [loss: 1.2372, acc: 0.6120, auc: 0.9086]
Epoch 092 - lr: 1.91e-04, train loss: 1.7028, val: [loss: 1.2193, acc: 0.6084, auc: 0.9100]
Epoch 093 - lr: 1.82e-04, train loss: 1.6920, val: [loss: 1.2262, acc: 0.6157, auc: 0.9093]
Epoch 094 - lr: 1.73e-04, train loss: 1.6869, val: [loss: 1.2258, acc: 0.6084, auc: 0.9084]
Epoch 095 - lr: 1.65e-04, train loss: 1.7046, val: [loss: 1.2260, acc: 0.6084, auc: 0.9097]
Epoch 096 - lr: 1.57e-04, train loss: 1.6906, val: [loss: 1.2294, acc: 0.6084, auc: 0.9100]
Epoch 097 - lr: 1.48e-04, train loss: 1.6910, val: [loss: 1.2255, acc: 0.6138, auc: 0.9101]
Epoch 098 - lr: 1.41e-04, train loss: 1.6930, val: [loss: 1.2212, acc: 0.6084, auc: 0.9103]
Epoch 099 - lr: 1.33e-04, train loss: 1.6776, val: [loss: 1.2270, acc: 0.6011, auc: 0.9100]
Epoch 100 - lr: 1.26e-04, train loss: 1.6738, val: [loss: 1.2251, acc: 0.6011, auc: 0.9108]
Epoch 101 - lr: 1.19e-04, train loss: 1.6547, val: [loss: 1.2253, acc: 0.6029, auc: 0.9092]
Epoch 102 - lr: 1.13e-04, train loss: 1.6699, val: [loss: 1.2215, acc: 0.6011, auc: 0.9103]
Epoch 103 - lr: 1.06e-04, train loss: 1.6550, val: [loss: 1.2234, acc: 0.6047, auc: 0.9097]
Epoch 104 - lr: 1.00e-04, train loss: 1.6509, val: [loss: 1.2219, acc: 0.6084, auc: 0.9092]
Epoch 105 - lr: 9.47e-05, train loss: 1.6533, val: [loss: 1.2165, acc: 0.6175, auc: 0.9101]
Epoch 106 - lr: 8.93e-05, train loss: 1.6601, val: [loss: 1.2203, acc: 0.5974, auc: 0.9113]
Epoch 107 - lr: 8.43e-05, train loss: 1.6665, val: [loss: 1.2136, acc: 0.6084, auc: 0.9109]
Epoch 108 - lr: 7.96e-05, train loss: 1.6549, val: [loss: 1.2191, acc: 0.6029, auc: 0.9103]
Epoch 109 - lr: 7.53e-05, train loss: 1.6656, val: [loss: 1.2155, acc: 0.6066, auc: 0.9108]
Epoch 110 - lr: 7.13e-05, train loss: 1.6495, val: [loss: 1.2271, acc: 0.6047, auc: 0.9097]
Epoch 111 - lr: 6.76e-05, train loss: 1.6355, val: [loss: 1.2146, acc: 0.6084, auc: 0.9106]
Epoch 112 - lr: 6.43e-05, train loss: 1.6380, val: [loss: 1.2140, acc: 0.6011, auc: 0.9112]
Epoch 113 - lr: 6.13e-05, train loss: 1.6402, val: [loss: 1.2157, acc: 0.6066, auc: 0.9113]
Epoch 114 - lr: 5.87e-05, train loss: 1.6524, val: [loss: 1.2144, acc: 0.6138, auc: 0.9110]
Epoch 115 - lr: 5.64e-05, train loss: 1.6345, val: [loss: 1.2148, acc: 0.6102, auc: 0.9107]
Epoch 116 - lr: 5.44e-05, train loss: 1.6281, val: [loss: 1.2129, acc: 0.6029, auc: 0.9108]
Epoch 117 - lr: 5.28e-05, train loss: 1.6391, val: [loss: 1.2165, acc: 0.6084, auc: 0.9106]
Epoch 118 - lr: 5.16e-05, train loss: 1.6358, val: [loss: 1.2133, acc: 0.6138, auc: 0.9109]
Epoch 119 - lr: 5.07e-05, train loss: 1.6464, val: [loss: 1.2166, acc: 0.6029, auc: 0.9106]
Epoch 120 - lr: 5.02e-05, train loss: 1.6427, val: [loss: 1.2169, acc: 0.6120, auc: 0.9110]
Training finished - restored best checkpoint from epoch 113 (val_auc: 0.9113)

***@model_base.save_model_to_tflite: litert_torch is not installed, therefore, model could not be saved in .tflite format!

Test model on device: cuda:0...

Test accuracy: 0.6066, macro auc: 0.9113
Confusion matrix is saved in [/home/heitor/research/BioDCASE-Tiny-2026/output/04_reports/pytorch/cm_Baseline.png]
Testing of model finished!


No .tflite exported (litert-torch unavailable on this node).
Training + .pth eval complete; run tflite export/quantization locally.
RunLogger - run [20260610_122039_abl-distill-no-aug-s1] finalized with status: completed
