Hello Tiny ML 2026 - pytorch framework, version: 1.0
RunLogger - logging run to: experiments/runs/20260610_121940_abl-c1-full-s3
DatamoduleTinyMl load cache with id: [cache0] and filter: [Train] ...
DatamoduleTinyMl load cache with id: [cache0] and filter: [Validation] ...
DatamoduleTinyMl load cache with id: [cache0] and filter: [Validation] ...

--
DatamoduleTinyMl info: 
label dict:  {'Background': 0, 'Common Chaffinch': 1, 'Common Chiffchaff': 2, 'Eurasian Blackbird': 3, 'Eurasian Blackcap': 4, 'Eurasian Blue Tit': 5, 'Great Spotted Woodpecker': 6, 'Great Tit': 7, 'Mallard': 8, 'Song Thrush': 9, 'Tawny Owl': 10}
feature size at load:  (1, 40, 133)
--

Distillation enabled - teacher logits from: ./experiments/perch/embeddings/perch_v2_cpu/teacher_mlp (2200 train samples aligned)
----------------------------------------------------------------
        Layer (type)               Output Shape         Param #
================================================================
            Conv2d-1          [-1, 32, 38, 131]             320
              ReLU-2          [-1, 32, 38, 131]               0
         MaxPool2d-3           [-1, 32, 19, 65]               0
            Conv2d-4           [-1, 64, 17, 63]          18,496
              ReLU-5           [-1, 64, 17, 63]               0
         MaxPool2d-6            [-1, 64, 4, 15]               0
            Conv2d-7           [-1, 128, 2, 13]          73,856
              ReLU-8           [-1, 128, 2, 13]               0
 AdaptiveAvgPool2d-9            [-1, 128, 1, 1]               0
          Flatten-10                  [-1, 128]               0
          Dropout-11                  [-1, 128]               0
           Linear-12                   [-1, 32]           4,128
             ReLU-13                   [-1, 32]               0
           Linear-14                   [-1, 11]             363
================================================================
Total params: 97,163
Trainable params: 97,163
Non-trainable params: 0
----------------------------------------------------------------
Input size (MB): 0.02
Forward/backward pass size (MB): 3.86
Params size (MB): 0.37
Estimated Total Size (MB): 4.25
----------------------------------------------------------------

Train model on device: cuda:0 | epochs: 120 | mixup(alpha=0.2, p=0.5) | scheduler: cosine | distill: alpha=0.5 T=3.0 | best on: val_auc

Epoch 001 - lr: 2.00e-04, train loss: 3.9335, val: [loss: 2.3993, acc: 0.1311, auc: 0.6358]
Epoch 002 - lr: 4.00e-04, train loss: 3.9276, val: [loss: 2.4279, acc: 0.1621, auc: 0.6353]
Epoch 003 - lr: 6.00e-04, train loss: 3.7684, val: [loss: 2.2737, acc: 0.2022, auc: 0.7034]
Epoch 004 - lr: 8.00e-04, train loss: 3.7211, val: [loss: 2.2322, acc: 0.2404, auc: 0.7235]
Epoch 005 - lr: 1.00e-03, train loss: 3.5797, val: [loss: 2.1851, acc: 0.2878, auc: 0.7436]
Epoch 006 - lr: 1.00e-03, train loss: 3.4421, val: [loss: 2.1765, acc: 0.2896, auc: 0.7593]
Epoch 007 - lr: 1.00e-03, train loss: 3.4688, val: [loss: 1.9955, acc: 0.3461, auc: 0.7752]
Epoch 008 - lr: 9.99e-04, train loss: 3.3158, val: [loss: 2.0023, acc: 0.3497, auc: 0.7850]
Epoch 009 - lr: 9.98e-04, train loss: 3.2959, val: [loss: 2.0296, acc: 0.3515, auc: 0.7858]
Epoch 010 - lr: 9.97e-04, train loss: 3.2595, val: [loss: 2.0308, acc: 0.3515, auc: 0.7928]
Epoch 011 - lr: 9.96e-04, train loss: 3.2571, val: [loss: 2.0483, acc: 0.3588, auc: 0.7940]
Epoch 012 - lr: 9.94e-04, train loss: 3.2273, val: [loss: 1.8994, acc: 0.4044, auc: 0.8009]
Epoch 013 - lr: 9.91e-04, train loss: 3.0532, val: [loss: 1.8798, acc: 0.4044, auc: 0.8153]
Epoch 014 - lr: 9.89e-04, train loss: 3.0629, val: [loss: 1.9354, acc: 0.3770, auc: 0.8164]
Epoch 015 - lr: 9.86e-04, train loss: 3.0273, val: [loss: 1.8677, acc: 0.4299, auc: 0.8161]
Epoch 016 - lr: 9.82e-04, train loss: 3.0101, val: [loss: 1.9286, acc: 0.4244, auc: 0.8224]
Epoch 017 - lr: 9.79e-04, train loss: 3.0562, val: [loss: 1.8760, acc: 0.4244, auc: 0.8239]
Epoch 018 - lr: 9.75e-04, train loss: 3.0107, val: [loss: 1.8707, acc: 0.4299, auc: 0.8263]
Epoch 019 - lr: 9.70e-04, train loss: 2.9593, val: [loss: 1.8816, acc: 0.4372, auc: 0.8274]
Epoch 020 - lr: 9.66e-04, train loss: 2.9413, val: [loss: 1.8706, acc: 0.4135, auc: 0.8335]
Epoch 021 - lr: 9.61e-04, train loss: 2.9508, val: [loss: 1.8483, acc: 0.4281, auc: 0.8381]
Epoch 022 - lr: 9.55e-04, train loss: 2.8678, val: [loss: 1.8379, acc: 0.4281, auc: 0.8375]
Epoch 023 - lr: 9.50e-04, train loss: 2.9075, val: [loss: 1.8272, acc: 0.4372, auc: 0.8387]
Epoch 024 - lr: 9.44e-04, train loss: 2.7945, val: [loss: 1.8163, acc: 0.4335, auc: 0.8426]
Epoch 025 - lr: 9.37e-04, train loss: 2.8911, val: [loss: 1.8051, acc: 0.4645, auc: 0.8429]
Epoch 026 - lr: 9.31e-04, train loss: 2.8182, val: [loss: 1.8680, acc: 0.4317, auc: 0.8442]
Epoch 027 - lr: 9.24e-04, train loss: 2.7864, val: [loss: 1.8538, acc: 0.4481, auc: 0.8455]
Epoch 028 - lr: 9.17e-04, train loss: 2.8382, val: [loss: 1.8494, acc: 0.4426, auc: 0.8456]
Epoch 029 - lr: 9.09e-04, train loss: 2.8052, val: [loss: 1.8419, acc: 0.4226, auc: 0.8493]
Epoch 030 - lr: 9.02e-04, train loss: 2.7375, val: [loss: 1.8570, acc: 0.4827, auc: 0.8515]
Epoch 031 - lr: 8.93e-04, train loss: 2.7302, val: [loss: 1.8593, acc: 0.4481, auc: 0.8508]
Epoch 032 - lr: 8.85e-04, train loss: 2.7084, val: [loss: 1.8316, acc: 0.4681, auc: 0.8521]
Epoch 033 - lr: 8.77e-04, train loss: 2.7449, val: [loss: 1.8224, acc: 0.4554, auc: 0.8498]
Epoch 034 - lr: 8.68e-04, train loss: 2.7258, val: [loss: 1.8136, acc: 0.4936, auc: 0.8570]
Epoch 035 - lr: 8.59e-04, train loss: 2.7539, val: [loss: 1.7784, acc: 0.4627, auc: 0.8583]
Epoch 036 - lr: 8.49e-04, train loss: 2.7008, val: [loss: 1.7670, acc: 0.4900, auc: 0.8611]
Epoch 037 - lr: 8.40e-04, train loss: 2.6770, val: [loss: 1.7692, acc: 0.4845, auc: 0.8617]
Epoch 038 - lr: 8.30e-04, train loss: 2.6051, val: [loss: 1.7738, acc: 0.5009, auc: 0.8595]
Epoch 039 - lr: 8.20e-04, train loss: 2.6376, val: [loss: 1.7519, acc: 0.4827, auc: 0.8652]
Epoch 040 - lr: 8.09e-04, train loss: 2.6520, val: [loss: 1.7658, acc: 0.4736, auc: 0.8644]
Epoch 041 - lr: 7.99e-04, train loss: 2.6186, val: [loss: 1.7629, acc: 0.5027, auc: 0.8686]
Epoch 042 - lr: 7.88e-04, train loss: 2.6033, val: [loss: 1.7965, acc: 0.4918, auc: 0.8670]
Epoch 043 - lr: 7.77e-04, train loss: 2.5875, val: [loss: 1.7346, acc: 0.5082, auc: 0.8705]
Epoch 044 - lr: 7.66e-04, train loss: 2.5930, val: [loss: 1.7437, acc: 0.5137, auc: 0.8701]
Epoch 045 - lr: 7.55e-04, train loss: 2.5144, val: [loss: 1.7454, acc: 0.4882, auc: 0.8705]
Epoch 046 - lr: 7.44e-04, train loss: 2.5904, val: [loss: 1.7191, acc: 0.5337, auc: 0.8774]
Epoch 047 - lr: 7.32e-04, train loss: 2.5629, val: [loss: 1.7131, acc: 0.5191, auc: 0.8762]
Epoch 048 - lr: 7.20e-04, train loss: 2.5501, val: [loss: 1.7106, acc: 0.5282, auc: 0.8770]
Epoch 049 - lr: 7.08e-04, train loss: 2.5231, val: [loss: 1.6889, acc: 0.5282, auc: 0.8788]
Epoch 050 - lr: 6.96e-04, train loss: 2.5301, val: [loss: 1.7118, acc: 0.5301, auc: 0.8782]
Epoch 051 - lr: 6.84e-04, train loss: 2.5569, val: [loss: 1.7285, acc: 0.5228, auc: 0.8802]
Epoch 052 - lr: 6.72e-04, train loss: 2.4859, val: [loss: 1.7150, acc: 0.5373, auc: 0.8789]
Epoch 053 - lr: 6.59e-04, train loss: 2.4849, val: [loss: 1.7039, acc: 0.5173, auc: 0.8811]
Epoch 054 - lr: 6.47e-04, train loss: 2.5058, val: [loss: 1.7047, acc: 0.5392, auc: 0.8810]
Epoch 055 - lr: 6.34e-04, train loss: 2.4440, val: [loss: 1.6649, acc: 0.5392, auc: 0.8835]
Epoch 056 - lr: 6.22e-04, train loss: 2.4949, val: [loss: 1.7475, acc: 0.5264, auc: 0.8795]
Epoch 057 - lr: 6.09e-04, train loss: 2.5046, val: [loss: 1.6869, acc: 0.5464, auc: 0.8843]
Epoch 058 - lr: 5.96e-04, train loss: 2.4566, val: [loss: 1.6852, acc: 0.5410, auc: 0.8867]
Epoch 059 - lr: 5.83e-04, train loss: 2.4570, val: [loss: 1.7080, acc: 0.5337, auc: 0.8831]
Epoch 060 - lr: 5.70e-04, train loss: 2.4297, val: [loss: 1.6615, acc: 0.5574, auc: 0.8885]
Epoch 061 - lr: 5.57e-04, train loss: 2.4376, val: [loss: 1.7031, acc: 0.5355, auc: 0.8846]
Epoch 062 - lr: 5.44e-04, train loss: 2.4187, val: [loss: 1.6854, acc: 0.5464, auc: 0.8858]
Epoch 063 - lr: 5.31e-04, train loss: 2.3956, val: [loss: 1.6766, acc: 0.5556, auc: 0.8884]
Epoch 064 - lr: 5.19e-04, train loss: 2.3847, val: [loss: 1.6840, acc: 0.5428, auc: 0.8860]
Epoch 065 - lr: 5.06e-04, train loss: 2.4228, val: [loss: 1.6398, acc: 0.5537, auc: 0.8915]
Epoch 066 - lr: 4.93e-04, train loss: 2.3924, val: [loss: 1.6559, acc: 0.5373, auc: 0.8874]
Epoch 067 - lr: 4.80e-04, train loss: 2.4029, val: [loss: 1.6379, acc: 0.5537, auc: 0.8928]
Epoch 068 - lr: 4.67e-04, train loss: 2.4184, val: [loss: 1.6472, acc: 0.5610, auc: 0.8916]
Epoch 069 - lr: 4.54e-04, train loss: 2.3666, val: [loss: 1.6149, acc: 0.5464, auc: 0.8921]
Epoch 070 - lr: 4.41e-04, train loss: 2.3842, val: [loss: 1.6934, acc: 0.5556, auc: 0.8885]
Epoch 071 - lr: 4.28e-04, train loss: 2.3674, val: [loss: 1.6434, acc: 0.5392, auc: 0.8938]
Epoch 072 - lr: 4.16e-04, train loss: 2.4185, val: [loss: 1.6455, acc: 0.5647, auc: 0.8922]
Epoch 073 - lr: 4.03e-04, train loss: 2.3723, val: [loss: 1.6594, acc: 0.5556, auc: 0.8935]
Epoch 074 - lr: 3.91e-04, train loss: 2.3652, val: [loss: 1.6534, acc: 0.5774, auc: 0.8943]
Epoch 075 - lr: 3.78e-04, train loss: 2.3479, val: [loss: 1.6659, acc: 0.5610, auc: 0.8924]
Epoch 076 - lr: 3.66e-04, train loss: 2.3247, val: [loss: 1.6508, acc: 0.5610, auc: 0.8937]
Epoch 077 - lr: 3.54e-04, train loss: 2.3416, val: [loss: 1.6148, acc: 0.5738, auc: 0.8955]
Epoch 078 - lr: 3.42e-04, train loss: 2.3405, val: [loss: 1.6454, acc: 0.5665, auc: 0.8949]
Epoch 079 - lr: 3.30e-04, train loss: 2.3063, val: [loss: 1.6355, acc: 0.5774, auc: 0.8956]
Epoch 080 - lr: 3.18e-04, train loss: 2.3325, val: [loss: 1.6406, acc: 0.5647, auc: 0.8956]
Epoch 081 - lr: 3.06e-04, train loss: 2.3253, val: [loss: 1.6760, acc: 0.5610, auc: 0.8940]
Epoch 082 - lr: 2.95e-04, train loss: 2.3339, val: [loss: 1.6294, acc: 0.5756, auc: 0.8964]
Epoch 083 - lr: 2.84e-04, train loss: 2.3462, val: [loss: 1.6308, acc: 0.5665, auc: 0.8951]
Epoch 084 - lr: 2.73e-04, train loss: 2.2948, val: [loss: 1.6066, acc: 0.5701, auc: 0.8966]
Epoch 085 - lr: 2.62e-04, train loss: 2.3000, val: [loss: 1.6202, acc: 0.5719, auc: 0.8968]
Epoch 086 - lr: 2.51e-04, train loss: 2.2721, val: [loss: 1.6238, acc: 0.5756, auc: 0.8970]
Epoch 087 - lr: 2.41e-04, train loss: 2.2799, val: [loss: 1.6222, acc: 0.5610, auc: 0.8973]
Epoch 088 - lr: 2.30e-04, train loss: 2.2589, val: [loss: 1.6228, acc: 0.5847, auc: 0.8982]
Epoch 089 - lr: 2.20e-04, train loss: 2.3013, val: [loss: 1.6118, acc: 0.5792, auc: 0.8979]
Epoch 090 - lr: 2.10e-04, train loss: 2.2796, val: [loss: 1.5987, acc: 0.5683, auc: 0.8977]
Epoch 091 - lr: 2.01e-04, train loss: 2.2690, val: [loss: 1.6129, acc: 0.5756, auc: 0.8986]
Epoch 092 - lr: 1.91e-04, train loss: 2.2869, val: [loss: 1.6152, acc: 0.5774, auc: 0.8998]
Epoch 093 - lr: 1.82e-04, train loss: 2.2448, val: [loss: 1.6187, acc: 0.5719, auc: 0.8987]
Epoch 094 - lr: 1.73e-04, train loss: 2.2819, val: [loss: 1.6228, acc: 0.5738, auc: 0.8988]
Epoch 095 - lr: 1.65e-04, train loss: 2.3192, val: [loss: 1.6300, acc: 0.5811, auc: 0.8982]
Epoch 096 - lr: 1.57e-04, train loss: 2.2816, val: [loss: 1.6018, acc: 0.5847, auc: 0.8997]
Epoch 097 - lr: 1.48e-04, train loss: 2.2464, val: [loss: 1.6054, acc: 0.5738, auc: 0.8997]
Epoch 098 - lr: 1.41e-04, train loss: 2.2729, val: [loss: 1.6190, acc: 0.5811, auc: 0.8998]
Epoch 099 - lr: 1.33e-04, train loss: 2.2886, val: [loss: 1.5976, acc: 0.5811, auc: 0.9004]
Epoch 100 - lr: 1.26e-04, train loss: 2.2642, val: [loss: 1.6034, acc: 0.5847, auc: 0.9005]
Epoch 101 - lr: 1.19e-04, train loss: 2.2502, val: [loss: 1.6131, acc: 0.5865, auc: 0.9006]
Epoch 102 - lr: 1.13e-04, train loss: 2.2696, val: [loss: 1.6136, acc: 0.5774, auc: 0.9001]
Epoch 103 - lr: 1.06e-04, train loss: 2.2805, val: [loss: 1.6062, acc: 0.5792, auc: 0.9008]
Epoch 104 - lr: 1.00e-04, train loss: 2.2403, val: [loss: 1.6061, acc: 0.5792, auc: 0.9006]
Epoch 105 - lr: 9.47e-05, train loss: 2.2631, val: [loss: 1.6161, acc: 0.5883, auc: 0.9001]
Epoch 106 - lr: 8.93e-05, train loss: 2.2166, val: [loss: 1.6218, acc: 0.5865, auc: 0.8994]
Epoch 107 - lr: 8.43e-05, train loss: 2.2645, val: [loss: 1.6206, acc: 0.5811, auc: 0.8989]
Epoch 108 - lr: 7.96e-05, train loss: 2.2533, val: [loss: 1.6079, acc: 0.5829, auc: 0.9007]
Epoch 109 - lr: 7.53e-05, train loss: 2.2421, val: [loss: 1.6128, acc: 0.5811, auc: 0.9002]
Epoch 110 - lr: 7.13e-05, train loss: 2.2478, val: [loss: 1.6130, acc: 0.5847, auc: 0.9007]
Epoch 111 - lr: 6.76e-05, train loss: 2.2302, val: [loss: 1.5963, acc: 0.5847, auc: 0.9011]
Epoch 112 - lr: 6.43e-05, train loss: 2.2418, val: [loss: 1.6000, acc: 0.5865, auc: 0.9014]
Epoch 113 - lr: 6.13e-05, train loss: 2.2530, val: [loss: 1.6014, acc: 0.5865, auc: 0.9012]
Epoch 114 - lr: 5.87e-05, train loss: 2.2215, val: [loss: 1.6085, acc: 0.5847, auc: 0.9011]
Epoch 115 - lr: 5.64e-05, train loss: 2.2424, val: [loss: 1.6046, acc: 0.5865, auc: 0.9014]
Epoch 116 - lr: 5.44e-05, train loss: 2.2223, val: [loss: 1.6002, acc: 0.5865, auc: 0.9013]
Epoch 117 - lr: 5.28e-05, train loss: 2.2337, val: [loss: 1.6001, acc: 0.5847, auc: 0.9015]
Epoch 118 - lr: 5.16e-05, train loss: 2.2117, val: [loss: 1.5998, acc: 0.5847, auc: 0.9012]
Epoch 119 - lr: 5.07e-05, train loss: 2.1923, val: [loss: 1.5970, acc: 0.5847, auc: 0.9017]
Epoch 120 - lr: 5.02e-05, train loss: 2.2190, val: [loss: 1.6013, acc: 0.5902, auc: 0.9015]
Training finished - restored best checkpoint from epoch 119 (val_auc: 0.9017)

***@model_base.save_model_to_tflite: litert_torch is not installed, therefore, model could not be saved in .tflite format!

Test model on device: cuda:0...

Test accuracy: 0.5847, macro auc: 0.9017
Confusion matrix is saved in [/home/heitor/research/BioDCASE-Tiny-2026/output/04_reports/pytorch/cm_Baseline.png]
Testing of model finished!


No .tflite exported (litert-torch unavailable on this node).
Training + .pth eval complete; run tflite export/quantization locally.
RunLogger - run [20260610_121940_abl-c1-full-s3] finalized with status: completed
